src/network/ServerManager.ts(45,19): error TS2769: No overload matches this call.
  Overload 1 of 3, '(type: "*", callback: (type: string | number | Schema, message: any) => void): any', gave the following error.
    Argument of type '(type: string | number, message: any) => void' is not assignable to parameter of type '(type: string | number | Schema, message: any) => void'.
      Types of parameters 'type' and 'type' are incompatible.
        Type 'string | number | Schema' is not assignable to type 'string | number'.
          Type 'Schema' is not assignable to type 'string | number'.
  Overload 2 of 3, '(type: typeof Schema & (new (...args: any[]) => any), callback: (message: any) => void): any', gave the following error.
    Argument of type 'string' is not assignable to parameter of type 'typeof Schema & (new (...args: any[]) => any)'.
      Type 'string' is not assignable to type 'typeof Schema'.
  Overload 3 of 3, '(type: string | number, callback: (message: string | number) => void): any', gave the following error.
    Argument of type '(type: string | number, message: any) => void' is not assignable to parameter of type '(message: string | number) => void'.
      Target signature provides too few arguments. Expected 2 or more, but got 1.
src/scenes/BootScene.ts(25,38): error TS2554: Expected 1 arguments, but got 0.
../shared/CardEffectParser.ts(146,78): error TS6133: 'gameState' is declared but its value is never read.
